// Jest Snapshot v1, https://goo.gl/fbAQLP

exports[`Stage render test GameOver  1`] = `
<div
  className="sc-bczRLJ dSqEXD"
  color="36, 95, 223"
  type="J"
/>
`;
